<object-stream>
<org.drools.audit.event.RuleFlowVariableLogEvent>
  <type>32</type>
  <processId>com.sample.evaluation</processId>
  <processName>Evaluation</processName>
  <processInstanceId>1</processInstanceId>
  <variableId>reason</variableId>
  <variableInstanceId>reason</variableInstanceId>
  <objectToString>Yearly performance evaluation</objectToString>
</org.drools.audit.event.RuleFlowVariableLogEvent>
<org.drools.audit.event.RuleFlowVariableLogEvent>
  <type>33</type>
  <processId>com.sample.evaluation</processId>
  <processName>Evaluation</processName>
  <processInstanceId>1</processInstanceId>
  <variableId>reason</variableId>
  <variableInstanceId>reason</variableInstanceId>
  <objectToString>Yearly performance evaluation</objectToString>
</org.drools.audit.event.RuleFlowVariableLogEvent>
<org.drools.audit.event.RuleFlowVariableLogEvent>
  <type>32</type>
  <processId>com.sample.evaluation</processId>
  <processName>Evaluation</processName>
  <processInstanceId>1</processInstanceId>
  <variableId>employee</variableId>
  <variableInstanceId>employee</variableInstanceId>
  <objectToString>krisv</objectToString>
</org.drools.audit.event.RuleFlowVariableLogEvent>
<org.drools.audit.event.RuleFlowVariableLogEvent>
  <type>33</type>
  <processId>com.sample.evaluation</processId>
  <processName>Evaluation</processName>
  <processInstanceId>1</processInstanceId>
  <variableId>employee</variableId>
  <variableInstanceId>employee</variableInstanceId>
  <objectToString>krisv</objectToString>
</org.drools.audit.event.RuleFlowVariableLogEvent>
<org.drools.audit.event.RuleFlowLogEvent>
  <type>8</type>
  <processId>com.sample.evaluation</processId>
  <processName>Evaluation</processName>
  <processInstanceId>1</processInstanceId>
</org.drools.audit.event.RuleFlowLogEvent>
<org.drools.audit.event.RuleFlowNodeLogEvent>
  <type>24</type>
  <processId>com.sample.evaluation</processId>
  <processName>Evaluation</processName>
  <processInstanceId>1</processInstanceId>
  <nodeId>1</nodeId>
  <nodeName>Start</nodeName>
  <nodeInstanceId>0</nodeInstanceId>
</org.drools.audit.event.RuleFlowNodeLogEvent>
<org.drools.audit.event.RuleFlowNodeLogEvent>
  <type>26</type>
  <processId>com.sample.evaluation</processId>
  <processName>Evaluation</processName>
  <processInstanceId>1</processInstanceId>
  <nodeId>1</nodeId>
  <nodeName>Start</nodeName>
  <nodeInstanceId>0</nodeInstanceId>
</org.drools.audit.event.RuleFlowNodeLogEvent>
<org.drools.audit.event.RuleFlowNodeLogEvent>
  <type>24</type>
  <processId>com.sample.evaluation</processId>
  <processName>Evaluation</processName>
  <processInstanceId>1</processInstanceId>
  <nodeId>2</nodeId>
  <nodeName>Self Evaluation</nodeName>
  <nodeInstanceId>1</nodeInstanceId>
</org.drools.audit.event.RuleFlowNodeLogEvent>
<org.drools.audit.event.RuleFlowVariableLogEvent>
  <type>32</type>
  <processId>com.sample.evaluation</processId>
  <processName>Evaluation</processName>
  <processInstanceId>1</processInstanceId>
  <variableId>content</variableId>
  <variableInstanceId>content</variableInstanceId>
  <objectToString>{reason=Yearly performance evaluation}</objectToString>
</org.drools.audit.event.RuleFlowVariableLogEvent>
<org.drools.audit.event.RuleFlowVariableLogEvent>
  <type>33</type>
  <processId>com.sample.evaluation</processId>
  <processName>Evaluation</processName>
  <processInstanceId>1</processInstanceId>
  <variableId>content</variableId>
  <variableInstanceId>content</variableInstanceId>
  <objectToString>{reason=Yearly performance evaluation}</objectToString>
</org.drools.audit.event.RuleFlowVariableLogEvent>
<org.drools.audit.event.RuleFlowNodeLogEvent>
  <type>25</type>
  <processId>com.sample.evaluation</processId>
  <processName>Evaluation</processName>
  <processInstanceId>1</processInstanceId>
  <nodeId>2</nodeId>
  <nodeName>Self Evaluation</nodeName>
  <nodeInstanceId>1</nodeInstanceId>
</org.drools.audit.event.RuleFlowNodeLogEvent>
<org.drools.audit.event.RuleFlowNodeLogEvent>
  <type>27</type>
  <processId>com.sample.evaluation</processId>
  <processName>Evaluation</processName>
  <processInstanceId>1</processInstanceId>
  <nodeId>1</nodeId>
  <nodeName>Start</nodeName>
  <nodeInstanceId>0</nodeInstanceId>
</org.drools.audit.event.RuleFlowNodeLogEvent>
<org.drools.audit.event.RuleFlowNodeLogEvent>
  <type>25</type>
  <processId>com.sample.evaluation</processId>
  <processName>Evaluation</processName>
  <processInstanceId>1</processInstanceId>
  <nodeId>1</nodeId>
  <nodeName>Start</nodeName>
  <nodeInstanceId>0</nodeInstanceId>
</org.drools.audit.event.RuleFlowNodeLogEvent>
<org.drools.audit.event.RuleFlowLogEvent>
  <type>9</type>
  <processId>com.sample.evaluation</processId>
  <processName>Evaluation</processName>
  <processInstanceId>1</processInstanceId>
</org.drools.audit.event.RuleFlowLogEvent>
